// Jest Snapshot v1, https://goo.gl/fbAQLP

exports[`<App/> renders 1`] = `
<Provider
  store={
    Object {
      "dispatch": [Function],
      "getState": [Function],
      "replaceReducer": [Function],
      "subscribe": [Function],
      Symbol(observable): [Function],
    }
  }
>
  <BrowserRouter>
    <Appstyled__AppRoot>
      <Route
        component={[Function]}
        exact={true}
        path="/"
      />
      <Route
        component={[Function]}
        path="/page-example"
      />
    </Appstyled__AppRoot>
  </BrowserRouter>
</Provider>
`;
